BL51 BANKED LINKER/LOCATER V6.22                                                        01/30/2020  15:00:47  PAGE 1


BL51 BANKED LINKER/LOCATER V6.22, INVOKED BY:
E:\LEARNING_SYY\C51&STM32\KEIL5\C51\BIN\BL51.EXE .\Objects\STARTUP.obj, .\Objects\指针调试.obj TO .\Objects\Test_09指针 
>> PRINT (.\Listings\Test_09指针.m51) RAMSIZE (256)


MEMORY MODEL: SMALL


INPUT MODULES INCLUDED:
  .\Objects\STARTUP.obj (?C_STARTUP)
  .\Objects\指针调试.obj (________)


LINK MAP OF MODULE:  .\Objects\Test_09指针 (?C_STARTUP)


            TYPE    BASE      LENGTH    RELOCATION   SEGMENT NAME
            -----------------------------------------------------

            * * * * * * *   D A T A   M E M O R Y   * * * * * * *
            REG     0000H     0008H     ABSOLUTE     "REG BANK 0"
            IDATA   0008H     0001H     UNIT         ?STACK

            * * * * * * *   C O D E   M E M O R Y   * * * * * * *
            CODE    0000H     0003H     ABSOLUTE     
            CODE    0003H     001EH     UNIT         ?PR?MAIN?________
            CODE    0021H     0010H     UNIT         ?CO?________
            CODE    0031H     000CH     UNIT         ?C_C51STARTUP



OVERLAY MAP OF MODULE:   .\Objects\Test_09指针 (?C_STARTUP)


SEGMENT
  +--> CALLED SEGMENT
---------------------
?C_C51STARTUP
  +--> ?PR?MAIN?________

?PR?MAIN?________
  +--> ?CO?________



SYMBOL TABLE OF MODULE:  .\Objects\Test_09指针 (?C_STARTUP)

  VALUE           TYPE          NAME
  ----------------------------------

  -------         MODULE        ?C_STARTUP
  C:0031H         SEGMENT       ?C_C51STARTUP
  I:0008H         SEGMENT       ?STACK
  C:0000H         PUBLIC        ?C_STARTUP
  D:00E0H         SYMBOL        ACC
  D:00F0H         SYMBOL        B
  D:0083H         SYMBOL        DPH
  D:0082H         SYMBOL        DPL
BL51 BANKED LINKER/LOCATER V6.22                                                      01/30/2020  15:00:47  PAGE 2


  N:0000H         SYMBOL        IBPSTACK
  N:0100H         SYMBOL        IBPSTACKTOP
  N:0080H         SYMBOL        IDATALEN
  C:0034H         SYMBOL        IDATALOOP
  N:0000H         SYMBOL        PBPSTACK
  N:0100H         SYMBOL        PBPSTACKTOP
  N:0000H         SYMBOL        PDATALEN
  N:0000H         SYMBOL        PDATASTART
  N:0000H         SYMBOL        PPAGE
  N:0000H         SYMBOL        PPAGEENABLE
  D:00A0H         SYMBOL        PPAGE_SFR
  D:0081H         SYMBOL        SP
  C:0031H         SYMBOL        STARTUP1
  N:0000H         SYMBOL        XBPSTACK
  N:0000H         SYMBOL        XBPSTACKTOP
  N:0000H         SYMBOL        XDATALEN
  N:0000H         SYMBOL        XDATASTART
  C:0000H         LINE#         126
  C:0031H         LINE#         133
  C:0033H         LINE#         134
  C:0034H         LINE#         135
  C:0035H         LINE#         136
  C:0037H         LINE#         185
  C:003AH         LINE#         196
  -------         ENDMOD        ?C_STARTUP

  -------         MODULE        ________
  C:0000H         SYMBOL        _ICE_DUMMY_
  D:0090H         PUBLIC        P1
  D:00B0H         PUBLIC        P3
  D:00A8H         PUBLIC        IE
  D:00B8H         PUBLIC        IP
  C:0003H         PUBLIC        main
  D:0098H         PUBLIC        SCON
  D:0088H         PUBLIC        TCON
  C:0021H         PUBLIC        temp
  D:00C8H         PUBLIC        T2CON
  D:00D0H         PUBLIC        PSW
  -------         PROC          MAIN
  -------         DO            
  D:0007H         SYMBOL        i
  D:0004H         SYMBOL        j
  D:0082H         SYMBOL        finger
  -------         ENDDO         
  C:0003H         LINE#         19
  C:0003H         LINE#         20
  C:0003H         LINE#         25
  C:0003H         LINE#         26
  C:0006H         LINE#         27
  C:0008H         LINE#         28
  C:0008H         LINE#         29
  C:0016H         LINE#         30
  C:001AH         LINE#         31
  C:001BH         LINE#         32
  -------         ENDPROC       MAIN
  -------         ENDMOD        ________

BL51 BANKED LINKER/LOCATER V6.22                                                      01/30/2020  15:00:47  PAGE 3


Program Size: data=9.0 xdata=0 code=61
LINK/LOCATE RUN COMPLETE.  0 WARNING(S),  0 ERROR(S)
