BL51 BANKED LINKER/LOCATER V6.22                                                        01/31/2020  22:43:51  PAGE 1


BL51 BANKED LINKER/LOCATER V6.22, INVOKED BY:
E:\LEARNING_SYY\C51&STM32\KEIL5\C51\BIN\BL51.EXE .\Objects\STARTUP.obj, .\Objects\STC单片机E2PROM应用.obj TO .\Objects\T
>> est10_STC系列51单片机功能介绍 PRINT (.\Listings\Test10_STC系列51单片机功能介绍.m51) RAMSIZE (256)


MEMORY MODEL: SMALL


INPUT MODULES INCLUDED:
  .\Objects\STARTUP.obj (?C_STARTUP)
  .\Objects\STC单片机E2PROM应用.obj (STC______E2PROM____)


LINK MAP OF MODULE:  .\Objects\Test10_STC系列51单片机功能介绍 (?C_STARTUP)


            TYPE    BASE      LENGTH    RELOCATION   SEGMENT NAME
            -----------------------------------------------------

            * * * * * * *   D A T A   M E M O R Y   * * * * * * *
            REG     0000H     0008H     ABSOLUTE     "REG BANK 0"
            DATA    0008H     0001H     UNIT         ?DT?STC______E2PROM____
            IDATA   0009H     0001H     UNIT         ?STACK

            * * * * * * *   C O D E   M E M O R Y   * * * * * * *
            CODE    0000H     0003H     ABSOLUTE     
            CODE    0003H     0008H     UNIT         ?PR?ISP_IAP_DISABLE?STC______E2PROM____
            CODE    000BH     0003H     ABSOLUTE     
            CODE    000EH     004FH     UNIT         ?PR?MAIN?STC______E2PROM____
            CODE    005DH     0031H     UNIT         ?PR?_DISPLAY?STC______E2PROM____
            CODE    008EH     001EH     UNIT         ?PR?_DELAY_MS?STC______E2PROM____
            CODE    00ACH     0018H     UNIT         ?PR?_BYTE_READ?STC______E2PROM____
            CODE    00C4H     0017H     UNIT         ?PR?_BYTE_WRITE?STC______E2PROM____
            CODE    00DBH     0015H     UNIT         ?PR?_SECTORERASE?STC______E2PROM____
            CODE    00F0H     0010H     UNIT         ?CO?STC______E2PROM____
            CODE    0100H     000CH     UNIT         ?C_C51STARTUP
            CODE    010CH     000CH     UNIT         ?PR?ISP_IAP_ENABLE?STC______E2PROM____
            CODE    0118H     000BH     UNIT         ?PR?ISP_PUBLIC?STC______E2PROM____
            CODE    0123H     0009H     UNIT         ?PR?T0_TIME?STC______E2PROM____



OVERLAY MAP OF MODULE:   .\Objects\Test10_STC系列51单片机功能介绍 (?C_STARTUP)


SEGMENT
  +--> CALLED SEGMENT
---------------------
?C_C51STARTUP
  +--> ?PR?MAIN?STC______E2PROM____

?PR?MAIN?STC______E2PROM____
  +--> ?PR?_BYTE_READ?STC______E2PROM____
  +--> ?PR?_SECTORERASE?STC______E2PROM____
  +--> ?PR?_BYTE_WRITE?STC______E2PROM____
  +--> ?PR?_DISPLAY?STC______E2PROM____

?PR?_BYTE_READ?STC______E2PROM____
BL51 BANKED LINKER/LOCATER V6.22                                                      01/31/2020  22:43:51  PAGE 2


  +--> ?PR?ISP_PUBLIC?STC______E2PROM____
  +--> ?PR?ISP_IAP_DISABLE?STC______E2PROM____

?PR?ISP_PUBLIC?STC______E2PROM____
  +--> ?PR?ISP_IAP_ENABLE?STC______E2PROM____

?PR?_SECTORERASE?STC______E2PROM____
  +--> ?PR?ISP_PUBLIC?STC______E2PROM____
  +--> ?PR?ISP_IAP_DISABLE?STC______E2PROM____

?PR?_BYTE_WRITE?STC______E2PROM____
  +--> ?PR?ISP_PUBLIC?STC______E2PROM____
  +--> ?PR?ISP_IAP_DISABLE?STC______E2PROM____

?PR?_DISPLAY?STC______E2PROM____
  +--> ?CO?STC______E2PROM____
  +--> ?PR?_DELAY_MS?STC______E2PROM____



SYMBOL TABLE OF MODULE:  .\Objects\Test10_STC系列51单片机功能介绍 (?C_STARTUP)

  VALUE           TYPE          NAME
  ----------------------------------

  -------         MODULE        ?C_STARTUP
  C:0100H         SEGMENT       ?C_C51STARTUP
  I:0009H         SEGMENT       ?STACK
  C:0000H         PUBLIC        ?C_STARTUP
  D:00E0H         SYMBOL        ACC
  D:00F0H         SYMBOL        B
  D:0083H         SYMBOL        DPH
  D:0082H         SYMBOL        DPL
  N:0000H         SYMBOL        IBPSTACK
  N:0100H         SYMBOL        IBPSTACKTOP
  N:0080H         SYMBOL        IDATALEN
  C:0103H         SYMBOL        IDATALOOP
  N:0000H         SYMBOL        PBPSTACK
  N:0100H         SYMBOL        PBPSTACKTOP
  N:0000H         SYMBOL        PDATALEN
  N:0000H         SYMBOL        PDATASTART
  N:0000H         SYMBOL        PPAGE
  N:0000H         SYMBOL        PPAGEENABLE
  D:00A0H         SYMBOL        PPAGE_SFR
  D:0081H         SYMBOL        SP
  C:0100H         SYMBOL        STARTUP1
  N:0000H         SYMBOL        XBPSTACK
  N:0000H         SYMBOL        XBPSTACKTOP
  N:0000H         SYMBOL        XDATALEN
  N:0000H         SYMBOL        XDATASTART
  C:0000H         LINE#         126
  C:0100H         LINE#         133
  C:0102H         LINE#         134
  C:0103H         LINE#         135
  C:0104H         LINE#         136
  C:0106H         LINE#         185
  C:0109H         LINE#         196
BL51 BANKED LINKER/LOCATER V6.22                                                      01/31/2020  22:43:51  PAGE 3


  -------         ENDMOD        ?C_STARTUP

  -------         MODULE        STC______E2PROM____
  C:0000H         SYMBOL        _ICE_DUMMY_
  D:0080H         PUBLIC        P0
  D:0090H         PUBLIC        P1
  D:00A0H         PUBLIC        P2
  D:00B0H         PUBLIC        P3
  D:00E6H         PUBLIC        ISP_TRIG
  B:00A8H.7       PUBLIC        EA
  C:00F0H         PUBLIC        table
  D:00A8H         PUBLIC        IE
  D:0008H         PUBLIC        num_ms
  C:0123H         PUBLIC        T0_time
  D:00B8H         PUBLIC        IP
  D:00E5H         PUBLIC        ISP_CMD
  C:000EH         PUBLIC        main
  B:00A0H.6       PUBLIC        dula
  B:00A0H.7       PUBLIC        wela
  D:00E3H         PUBLIC        ISP_ADDRH
  D:0098H         PUBLIC        SCON
  C:00ACH         PUBLIC        _byte_read
  D:0089H         PUBLIC        TMOD
  D:0088H         PUBLIC        TCON
  D:00E4H         PUBLIC        ISP_ADDRL
  C:00C4H         PUBLIC        _byte_write
  B:00A8H.1       PUBLIC        ET0
  D:008CH         PUBLIC        TH0
  C:0118H         PUBLIC        ISP_public
  D:008AH         PUBLIC        TL0
  C:008EH         PUBLIC        _delay_ms
  D:00E7H         PUBLIC        ISP_CONTR
  B:0088H.4       PUBLIC        TR0
  C:0003H         PUBLIC        ISP_IAP_disable
  C:00DBH         PUBLIC        _SectorErase
  D:00C8H         PUBLIC        T2CON
  D:00E2H         PUBLIC        ISP_DATA
  C:010CH         PUBLIC        ISP_IAP_enable
  C:005DH         PUBLIC        _display
  D:00D0H         PUBLIC        PSW
  -------         PROC          _DELAY_MS
  D:0006H         SYMBOL        n
  -------         DO            
  D:0006H         SYMBOL        i
  D:0004H         SYMBOL        j
  -------         ENDDO         
  C:008EH         LINE#         55
  C:008EH         LINE#         56
  C:008EH         LINE#         58
  C:0097H         LINE#         59
  C:00ABH         LINE#         60
  -------         ENDPROC       _DELAY_MS
  -------         PROC          _DISPLAY
  D:0007H         SYMBOL        ge
  D:0003H         SYMBOL        shi
  C:005DH         LINE#         63
  C:005FH         LINE#         64
BL51 BANKED LINKER/LOCATER V6.22                                                      01/31/2020  22:43:51  PAGE 4


  C:005FH         LINE#         66
  C:0061H         LINE#         67
  C:0064H         LINE#         68
  C:0066H         LINE#         69
  C:0068H         LINE#         70
  C:006FH         LINE#         71
  C:0071H         LINE#         72
  C:0078H         LINE#         75
  C:007AH         LINE#         76
  C:007DH         LINE#         77
  C:007FH         LINE#         78
  C:0081H         LINE#         79
  C:0085H         LINE#         80
  C:0087H         LINE#         81
  -------         ENDPROC       _DISPLAY
  -------         PROC          ISP_IAP_ENABLE
  C:010CH         LINE#         85
  C:010CH         LINE#         86
  C:010CH         LINE#         87
  C:010EH         LINE#         88
  C:0111H         LINE#         89
  C:0114H         LINE#         90
  C:0117H         LINE#         91
  -------         ENDPROC       ISP_IAP_ENABLE
  -------         PROC          ISP_IAP_DISABLE
  C:0003H         LINE#         94
  C:0003H         LINE#         95
  C:0003H         LINE#         96
  C:0006H         LINE#         97
  C:0008H         LINE#         98
  C:000AH         LINE#         99
  -------         ENDPROC       ISP_IAP_DISABLE
  -------         PROC          ISP_PUBLIC
  C:0118H         LINE#         102
  C:0118H         LINE#         103
  C:0118H         LINE#         104
  C:011BH         LINE#         105
  C:011EH         LINE#         106
  C:0121H         LINE#         107
  C:0122H         LINE#         108
  -------         ENDPROC       ISP_PUBLIC
  -------         PROC          _BYTE_READ
  D:0004H         SYMBOL        byte_addr
  C:00ACH         LINE#         111
  C:00B0H         LINE#         112
  C:00B0H         LINE#         113
  C:00B2H         LINE#         114
  C:00B5H         LINE#         115
  C:00B8H         LINE#         116
  C:00BBH         LINE#         117
  C:00BEH         LINE#         118
  C:00C1H         LINE#         119
  C:00C3H         LINE#         120
  -------         ENDPROC       _BYTE_READ
  -------         PROC          _SECTORERASE
  D:0006H         SYMBOL        sector_addr
  -------         DO            
BL51 BANKED LINKER/LOCATER V6.22                                                      01/31/2020  22:43:51  PAGE 5


  D:0006H         SYMBOL        iSectorAddr
  -------         ENDDO         
  C:00DBH         LINE#         123
  C:00DBH         LINE#         124
  C:00DBH         LINE#         126
  C:00DFH         LINE#         127
  C:00E1H         LINE#         128
  C:00E4H         LINE#         129
  C:00E7H         LINE#         130
  C:00EAH         LINE#         131
  C:00EDH         LINE#         132
  -------         ENDPROC       _SECTORERASE
  -------         PROC          _BYTE_WRITE
  D:0002H         SYMBOL        byte_addr
  D:0005H         SYMBOL        byte_data
  C:00C4H         LINE#         136
  C:00C8H         LINE#         137
  C:00C8H         LINE#         138
  C:00CAH         LINE#         139
  C:00CDH         LINE#         140
  C:00D0H         LINE#         141
  C:00D3H         LINE#         142
  C:00D5H         LINE#         143
  C:00D8H         LINE#         144
  -------         ENDPROC       _BYTE_WRITE
  -------         PROC          MAIN
  -------         DO            
  D:0001H         SYMBOL        num_s
  -------         ENDDO         
  C:000EH         LINE#         148
  C:000EH         LINE#         149
  C:000EH         LINE#         153
  C:0011H         LINE#         154
  C:0014H         LINE#         155
  C:0017H         LINE#         156
  C:0019H         LINE#         159
  C:001BH         LINE#         160
  C:001DH         LINE#         163
  C:0026H         LINE#         165
  C:002CH         LINE#         166
  C:002EH         LINE#         167
  C:002EH         LINE#         168
  C:002EH         LINE#         169
  C:0035H         LINE#         170
  C:0035H         LINE#         171
  C:0038H         LINE#         172
  C:0039H         LINE#         173
  C:003FH         LINE#         174
  C:0046H         LINE#         175
  C:0049H         LINE#         176
  C:0049H         LINE#         177
  C:004BH         LINE#         178
  C:004BH         LINE#         179
  C:004BH         LINE#         180
  C:005BH         LINE#         181
  -------         ENDPROC       MAIN
  -------         PROC          T0_TIME
BL51 BANKED LINKER/LOCATER V6.22                                                      01/31/2020  22:43:51  PAGE 6


  C:0123H         LINE#         185
  C:0123H         LINE#         187
  C:0126H         LINE#         188
  C:0129H         LINE#         189
  C:012BH         LINE#         190
  -------         ENDPROC       T0_TIME
  -------         ENDMOD        STC______E2PROM____

Program Size: data=10.0 xdata=0 code=300
LINK/LOCATE RUN COMPLETE.  0 WARNING(S),  0 ERROR(S)
