BL51 BANKED LINKER/LOCATER V6.22                                                        01/23/2020  21:31:28  PAGE 1


BL51 BANKED LINKER/LOCATER V6.22, INVOKED BY:
E:\LEARNING_SYY\C51&STM32\KEIL5\C51\BIN\BL51.EXE .\Objects\STARTUP.obj, .\Objects\单片机通信_发送.obj TO .\Objects\Test0
>> 8_串行口提高篇 PRINT (.\Listings\Test08_串行口提高篇.m51) RAMSIZE (256)


MEMORY MODEL: SMALL


INPUT MODULES INCLUDED:
  .\Objects\STARTUP.obj (?C_STARTUP)
  .\Objects\单片机通信_发送.obj (_______________)
  E:\LEARNING_SYY\C51&STM32\KEIL5\C51\LIB\C51S.LIB (?C_INIT)


LINK MAP OF MODULE:  .\Objects\Test08_串行口提高篇 (?C_STARTUP)


            TYPE    BASE      LENGTH    RELOCATION   SEGMENT NAME
            -----------------------------------------------------

            * * * * * * *   D A T A   M E M O R Y   * * * * * * *
            REG     0000H     0008H     ABSOLUTE     "REG BANK 0"
            DATA    0008H     0002H     UNIT         ?DT?MATRIXKEYSCAN?_______________
            IDATA   000AH     0001H     UNIT         ?STACK

            * * * * * * *   C O D E   M E M O R Y   * * * * * * *
            CODE    0000H     0003H     ABSOLUTE     
            CODE    0003H     0161H     UNIT         ?PR?MATRIXKEYSCAN?_______________
            CODE    0164H     008CH     UNIT         ?C_C51STARTUP
            CODE    01F0H     0022H     UNIT         ?PR?_DELAY_MS?_______________
            CODE    0212H     0010H     UNIT         ?CO?_______________
            CODE    0222H     000CH     UNIT         ?PR?_DISPLAY?_______________
            CODE    022EH     0008H     UNIT         ?PR?_SENDDATA?_______________
            CODE    0236H     0001H     UNIT         ?C_INITSEG



OVERLAY MAP OF MODULE:   .\Objects\Test08_串行口提高篇 (?C_STARTUP)


SEGMENT
  +--> CALLED SEGMENT
---------------------
?C_C51STARTUP
  +--> ?C_INITSEG



UNRESOLVED EXTERNAL SYMBOLS:
   MAIN



SYMBOL TABLE OF MODULE:  .\Objects\Test08_串行口提高篇 (?C_STARTUP)

  VALUE           TYPE          NAME
  ----------------------------------

BL51 BANKED LINKER/LOCATER V6.22                                                      01/23/2020  21:31:28  PAGE 2


  -------         MODULE        ?C_STARTUP
  C:0164H         SEGMENT       ?C_C51STARTUP
  I:000AH         SEGMENT       ?STACK
  C:0000H         PUBLIC        ?C_STARTUP
  D:00E0H         SYMBOL        ACC
  D:00F0H         SYMBOL        B
  D:0083H         SYMBOL        DPH
  D:0082H         SYMBOL        DPL
  N:0000H         SYMBOL        IBPSTACK
  N:0100H         SYMBOL        IBPSTACKTOP
  N:0080H         SYMBOL        IDATALEN
  C:0167H         SYMBOL        IDATALOOP
  N:0000H         SYMBOL        PBPSTACK
  N:0100H         SYMBOL        PBPSTACKTOP
  N:0000H         SYMBOL        PDATALEN
  N:0000H         SYMBOL        PDATASTART
  N:0000H         SYMBOL        PPAGE
  N:0000H         SYMBOL        PPAGEENABLE
  D:00A0H         SYMBOL        PPAGE_SFR
  D:0081H         SYMBOL        SP
  C:0164H         SYMBOL        STARTUP1
  N:0000H         SYMBOL        XBPSTACK
  N:0000H         SYMBOL        XBPSTACKTOP
  N:0000H         SYMBOL        XDATALEN
  N:0000H         SYMBOL        XDATASTART
  C:0000H         LINE#         126
  C:0164H         LINE#         133
  C:0166H         LINE#         134
  C:0167H         LINE#         135
  C:0168H         LINE#         136
  C:016AH         LINE#         185
  C:016DH         LINE#         196
  -------         ENDMOD        ?C_STARTUP

  -------         MODULE        _______________
  C:0000H         SYMBOL        _ICE_DUMMY_
  D:0080H         PUBLIC        P0
  D:0090H         PUBLIC        P1
  D:00A0H         PUBLIC        P2
  D:00B0H         PUBLIC        P3
  C:022EH         PUBLIC        _SendData
  C:0212H         PUBLIC        table
  D:00A8H         PUBLIC        IE
  D:00B8H         PUBLIC        IP
  B:0098H.1       PUBLIC        TI
  B:00A0H.6       PUBLIC        dula
  C:0003H         PUBLIC        MatrixKeyScan
  D:0099H         PUBLIC        SBUF
  D:0098H         PUBLIC        SCON
  D:0088H         PUBLIC        TCON
  C:01F4H         PUBLIC        _delay_ms
  D:00C8H         PUBLIC        T2CON
  C:0222H         PUBLIC        _display
  D:00D0H         PUBLIC        PSW
  C:01F0H         SYMBOL        L?0052
  -------         PROC          L?0051
  -------         ENDPROC       L?0051
BL51 BANKED LINKER/LOCATER V6.22                                                      01/23/2020  21:31:28  PAGE 3


  C:01F0H         SYMBOL        L?0052
  -------         PROC          _DELAY_MS
  D:0006H         SYMBOL        n
  -------         DO            
  D:0006H         SYMBOL        i
  D:0004H         SYMBOL        j
  -------         ENDDO         
  C:01F4H         LINE#         35
  C:01F4H         LINE#         36
  C:01F4H         LINE#         38
  C:01FDH         LINE#         39
  C:0211H         LINE#         40
  -------         ENDPROC       _DELAY_MS
  -------         PROC          _SENDDATA
  D:0007H         SYMBOL        key_num
  C:022EH         LINE#         43
  C:022EH         LINE#         44
  C:022EH         LINE#         45
  C:0230H         LINE#         46
  C:0233H         LINE#         47
  C:0235H         LINE#         48
  -------         ENDPROC       _SENDDATA
  -------         PROC          _DISPLAY
  D:0007H         SYMBOL        num
  C:0222H         LINE#         51
  C:0222H         LINE#         52
  C:0222H         LINE#         54
  C:0229H         LINE#         55
  C:022BH         LINE#         56
  C:022DH         LINE#         58
  -------         ENDPROC       _DISPLAY
  -------         PROC          MATRIXKEYSCAN
  -------         DO            
  D:0008H         SYMBOL        key
  D:0009H         SYMBOL        temp
  -------         ENDDO         
  C:0003H         LINE#         61
  C:0003H         LINE#         62
  C:0003H         LINE#         67
  C:0006H         LINE#         68
  C:0009H         LINE#         69
  C:000CH         LINE#         70
  C:0012H         LINE#         71
  C:0012H         LINE#         72
  C:0015H         LINE#         73
  C:0018H         LINE#         74
  C:001BH         LINE#         75
  C:0021H         LINE#         76
  C:0021H         LINE#         77
  C:0024H         LINE#         78
  C:0036H         LINE#         79
  C:0036H         LINE#         80
  C:0036H         LINE#         81
  C:0039H         LINE#         82
  C:003BH         LINE#         84
  C:003BH         LINE#         85
  C:003EH         LINE#         86
BL51 BANKED LINKER/LOCATER V6.22                                                      01/23/2020  21:31:28  PAGE 4


  C:0040H         LINE#         88
  C:0040H         LINE#         89
  C:0043H         LINE#         90
  C:0045H         LINE#         92
  C:0045H         LINE#         93
  C:0048H         LINE#         94
  C:0048H         LINE#         95
  C:0048H         LINE#         96
  C:004EH         LINE#         97
  C:004EH         LINE#         98
  C:0051H         LINE#         99
  C:0054H         LINE#         100
  C:0056H         LINE#         101
  C:005BH         LINE#         102
  C:005BH         LINE#         103
  C:005BH         LINE#         106
  C:005EH         LINE#         107
  C:0061H         LINE#         108
  C:0064H         LINE#         109
  C:006AH         LINE#         110
  C:006AH         LINE#         111
  C:006DH         LINE#         112
  C:0070H         LINE#         113
  C:0073H         LINE#         114
  C:0079H         LINE#         115
  C:0079H         LINE#         116
  C:007CH         LINE#         117
  C:008EH         LINE#         118
  C:008EH         LINE#         119
  C:008EH         LINE#         120
  C:0091H         LINE#         121
  C:0093H         LINE#         123
  C:0093H         LINE#         124
  C:0096H         LINE#         125
  C:0098H         LINE#         127
  C:0098H         LINE#         128
  C:009BH         LINE#         129
  C:009DH         LINE#         131
  C:009DH         LINE#         132
  C:00A0H         LINE#         133
  C:00A0H         LINE#         134
  C:00A0H         LINE#         135
  C:00A6H         LINE#         136
  C:00A6H         LINE#         137
  C:00A9H         LINE#         138
  C:00ACH         LINE#         139
  C:00AEH         LINE#         140
  C:00B3H         LINE#         141
  C:00B3H         LINE#         142
  C:00B3H         LINE#         145
  C:00B6H         LINE#         146
  C:00B9H         LINE#         147
  C:00BCH         LINE#         148
  C:00C2H         LINE#         149
  C:00C2H         LINE#         150
  C:00C5H         LINE#         151
  C:00C8H         LINE#         152
BL51 BANKED LINKER/LOCATER V6.22                                                      01/23/2020  21:31:28  PAGE 5


  C:00CBH         LINE#         153
  C:00D1H         LINE#         154
  C:00D1H         LINE#         155
  C:00D4H         LINE#         156
  C:00E6H         LINE#         157
  C:00E6H         LINE#         158
  C:00E6H         LINE#         159
  C:00E9H         LINE#         160
  C:00EBH         LINE#         162
  C:00EBH         LINE#         163
  C:00EEH         LINE#         164
  C:00F0H         LINE#         166
  C:00F0H         LINE#         167
  C:00F3H         LINE#         168
  C:00F5H         LINE#         170
  C:00F5H         LINE#         171
  C:00F8H         LINE#         172
  C:00F8H         LINE#         173
  C:00F8H         LINE#         174
  C:00FEH         LINE#         175
  C:00FEH         LINE#         176
  C:0101H         LINE#         177
  C:0104H         LINE#         178
  C:0106H         LINE#         179
  C:010BH         LINE#         180
  C:010BH         LINE#         181
  C:010BH         LINE#         184
  C:010EH         LINE#         185
  C:0111H         LINE#         186
  C:0114H         LINE#         187
  C:011AH         LINE#         188
  C:011AH         LINE#         189
  C:011DH         LINE#         190
  C:0120H         LINE#         191
  C:0123H         LINE#         192
  C:0129H         LINE#         193
  C:0129H         LINE#         194
  C:012CH         LINE#         195
  C:013EH         LINE#         196
  C:013EH         LINE#         197
  C:013EH         LINE#         198
  C:0141H         LINE#         199
  C:0143H         LINE#         201
  C:0143H         LINE#         202
  C:0146H         LINE#         203
  C:0148H         LINE#         205
  C:0148H         LINE#         206
  C:014BH         LINE#         207
  C:014DH         LINE#         209
  C:014DH         LINE#         210
  C:0150H         LINE#         211
  C:0150H         LINE#         212
  C:0150H         LINE#         213
  C:0156H         LINE#         214
  C:0156H         LINE#         215
  C:0159H         LINE#         216
  C:015CH         LINE#         217
BL51 BANKED LINKER/LOCATER V6.22                                                      01/23/2020  21:31:28  PAGE 6


  C:015EH         LINE#         218
  C:0163H         LINE#         219
  C:0163H         LINE#         220
  C:0163H         LINE#         221
  -------         ENDPROC       MATRIXKEYSCAN
  -------         ENDMOD        _______________

*** WARNING L16: UNCALLED SEGMENT, IGNORED FOR OVERLAY PROCESS
    SEGMENT: ?PR?_DISPLAY?_______________

*** WARNING L16: UNCALLED SEGMENT, IGNORED FOR OVERLAY PROCESS
    SEGMENT: ?PR?MATRIXKEYSCAN?_______________

*** WARNING L1: UNRESOLVED EXTERNAL SYMBOL
    SYMBOL:  MAIN
    MODULE:  E:\LEARNING_SYY\C51&STM32\KEIL5\C51\LIB\C51S.LIB (?C_INIT)

*** WARNING L2: REFERENCE MADE TO UNRESOLVED EXTERNAL
    SYMBOL:  MAIN
    MODULE:  E:\LEARNING_SYY\C51&STM32\KEIL5\C51\LIB\C51S.LIB (?C_INIT)
    ADDRESS: 0171H

Program Size: data=11.0 xdata=0 code=567
LINK/LOCATE RUN COMPLETE.  4 WARNING(S),  0 ERROR(S)
