BL51 BANKED LINKER/LOCATER V6.22                                                        02/03/2020  22:47:42  PAGE 1


BL51 BANKED LINKER/LOCATER V6.22, INVOKED BY:
E:\LEARNING_SYY\C51&STM32\KEIL5\C51\BIN\BL51.EXE .\Objects\STARTUP.obj, .\Objects\按键控制时钟显示.obj TO .\Objects\Test
>> 11_设计时钟 PRINT (.\Listings\Test11_设计时钟.m51) RAMSIZE (256)


MEMORY MODEL: SMALL WITH FLOATING POINT ARITHMETIC


INPUT MODULES INCLUDED:
  .\Objects\STARTUP.obj (?C_STARTUP)
  .\Objects\按键控制时钟显示.obj (________________)
  E:\LEARNING_SYY\C51&STM32\KEIL5\C51\LIB\C51FPS.LIB (?C?FPADD)
  E:\LEARNING_SYY\C51&STM32\KEIL5\C51\LIB\C51FPS.LIB (?C?FPMUL)
  E:\LEARNING_SYY\C51&STM32\KEIL5\C51\LIB\C51FPS.LIB (?C?FCAST)
  E:\LEARNING_SYY\C51&STM32\KEIL5\C51\LIB\C51FPS.LIB (?C?CASTF)
  E:\LEARNING_SYY\C51&STM32\KEIL5\C51\LIB\C51FPS.LIB (?C?FPGETOPN)
  E:\LEARNING_SYY\C51&STM32\KEIL5\C51\LIB\C51S.LIB (?C_INIT)
  E:\LEARNING_SYY\C51&STM32\KEIL5\C51\LIB\C51S.LIB (?C?UIDIV)
  E:\LEARNING_SYY\C51&STM32\KEIL5\C51\LIB\C51S.LIB (?C?LNEG)


LINK MAP OF MODULE:  .\Objects\Test11_设计时钟 (?C_STARTUP)


            TYPE    BASE      LENGTH    RELOCATION   SEGMENT NAME
            -----------------------------------------------------

            * * * * * * *   D A T A   M E M O R Y   * * * * * * *
            REG     0000H     0008H     ABSOLUTE     "REG BANK 0"
            DATA    0008H     0018H     UNIT         ?DT?________________
            BIT     0020H.0   0000H.1   UNIT         ?BI?TEMPREADBIT?________________
            BIT     0020H.1   0000H.1   UNIT         ?BI?_TEMPWRITEBYTE?________________
            BIT     0020H.2   0000H.1   UNIT         ?BI?________________
                    0020H.3   0000H.5                *** GAP ***
            DATA    0021H     0003H     UNIT         ?DT?_LCD_DISPLAY_TEMP?________________
            DATA    0024H     0003H     UNIT         ?DT?_TEMPDEAL?________________
            DATA    0027H     0003H     UNIT         _DATA_GROUP_
            DATA    002AH     0002H     UNIT         ?DT?TEMPREADBYTE?________________
            DATA    002CH     0002H     UNIT         ?DT?_TEMPWARN?________________
            IDATA   002EH     0001H     UNIT         ?STACK

            * * * * * * *   C O D E   M E M O R Y   * * * * * * *
            CODE    0000H     0003H     ABSOLUTE     
            CODE    0003H     0008H     UNIT         ?PR?TEMPCHANGE?________________
            CODE    000BH     0003H     ABSOLUTE     
            CODE    000EH     0320H     UNIT         ?C?LIB_CODE
            CODE    032EH     02B5H     UNIT         ?PR?KEYSCAN?________________
            CODE    05E3H     00F5H     UNIT         ?PR?T0_TIME?________________
            CODE    06D8H     00ECH     UNIT         ?PR?LCDINIT?________________
            CODE    07C4H     008CH     UNIT         ?C_C51STARTUP
            CODE    0850H     0087H     UNIT         ?PR?_LCD_WRITE_WEEK?________________
            CODE    08D7H     007DH     UNIT         ?PR?GETTEMP?________________
            CODE    0954H     0074H     UNIT         ?PR?_LCD_DISPLAY_TEMP?________________
            CODE    09C8H     006EH     UNIT         ?PR?_TEMPDEAL?________________
            CODE    0A36H     005EH     UNIT         ?PR?_TEMPWRITEBYTE?________________
            CODE    0A94H     003FH     UNIT         ?PR?TEMPREADBYTE?________________
            CODE    0AD3H     0034H     UNIT         ?PR?_LCD_DISPLAY_TIME?________________
            CODE    0B07H     0032H     UNIT         ?PR?_TEMPWARN?________________
BL51 BANKED LINKER/LOCATER V6.22                                                      02/03/2020  22:47:42  PAGE 2


            CODE    0B39H     0031H     UNIT         ?PR?_DELAY_MS?________________
            CODE    0B6AH     0027H     UNIT         ?PR?TEMPREADBIT?________________
            CODE    0B91H     0026H     UNIT         ?PR?_I2C_WRITE_DATA?________________
            CODE    0BB7H     0025H     UNIT         ?PR?I2C_READ_BYTE?________________
            CODE    0BDCH     0020H     UNIT         ?PR?I2C_RESPOND?________________
            CODE    0BFCH     001FH     UNIT         ?PR?_I2C_READ_DATA?________________
            CODE    0C1BH     001FH     UNIT         ?PR?DSRESET?________________
            CODE    0C3AH     001EH     UNIT         ?PR?_DELAY_MS_SOFT?________________
            CODE    0C58H     001EH     UNIT         ?PR?_I2C_WRITE_BYTE?________________
            CODE    0C76H     0014H     UNIT         ?PR?_LCD_WRITE_DATA?________________
            CODE    0C8AH     0013H     UNIT         ?C_INITSEG
            CODE    0C9DH     0011H     UNIT         ?PR?_LCD_WRITE_CMD?________________
            CODE    0CAEH     000CH     UNIT         ?PR?BEEP_FUNC?________________
            CODE    0CBAH     000AH     UNIT         ?PR?I2C_START?________________
            CODE    0CC4H     000AH     UNIT         ?PR?I2C_STOP?________________
            CODE    0CCEH     000AH     UNIT         ?PR?I2C_INIT?________________
            CODE    0CD8H     0008H     UNIT         ?PR?MAIN?________________
            CODE    0CE0H     0006H     UNIT         ?PR?DELAY_US_HARD?________________
            CODE    0CE6H     0004H     UNIT         ?CO?________________



OVERLAY MAP OF MODULE:   .\Objects\Test11_设计时钟 (?C_STARTUP)


SEGMENT                                          DATA_GROUP 
  +--> CALLED SEGMENT                          START    LENGTH
--------------------------------------------------------------
?C_C51STARTUP                                  -----    -----
  +--> ?PR?MAIN?________________
  +--> ?C_INITSEG

?PR?MAIN?________________                      0027H    0001H
  +--> ?PR?LCDINIT?________________
  +--> ?PR?KEYSCAN?________________

?PR?LCDINIT?________________                   -----    -----
  +--> ?PR?I2C_INIT?________________
  +--> ?PR?_LCD_WRITE_CMD?________________
  +--> ?CO?________________
  +--> ?PR?_DELAY_MS?________________
  +--> ?PR?_LCD_WRITE_DATA?________________
  +--> ?PR?_I2C_READ_DATA?________________
  +--> ?PR?_LCD_DISPLAY_TIME?________________

?PR?I2C_INIT?________________                  -----    -----
  +--> ?PR?DELAY_US_HARD?________________

?PR?_LCD_WRITE_CMD?________________            -----    -----
  +--> ?PR?_DELAY_MS?________________

?PR?_DELAY_MS?________________                 -----    -----
  +--> ?PR?_LCD_WRITE_DATA?________________

?PR?_I2C_READ_DATA?________________            -----    -----
  +--> ?PR?I2C_RESPOND?________________
  +--> ?PR?_I2C_WRITE_BYTE?________________
BL51 BANKED LINKER/LOCATER V6.22                                                      02/03/2020  22:47:42  PAGE 3


  +--> ?PR?I2C_START?________________
  +--> ?PR?I2C_READ_BYTE?________________
  +--> ?PR?I2C_STOP?________________

?PR?I2C_RESPOND?________________               0029H    0001H
  +--> ?PR?I2C_START?________________
  +--> ?PR?_I2C_WRITE_BYTE?________________
  +--> ?PR?DELAY_US_HARD?________________

?PR?I2C_START?________________                 -----    -----
  +--> ?PR?DELAY_US_HARD?________________

?PR?_I2C_WRITE_BYTE?________________           -----    -----
  +--> ?PR?DELAY_US_HARD?________________

?PR?I2C_READ_BYTE?________________             -----    -----
  +--> ?PR?DELAY_US_HARD?________________

?PR?I2C_STOP?________________                  -----    -----
  +--> ?PR?DELAY_US_HARD?________________

?PR?_LCD_DISPLAY_TIME?________________         0029H    0001H
  +--> ?PR?_LCD_WRITE_CMD?________________
  +--> ?PR?_LCD_WRITE_DATA?________________

?PR?KEYSCAN?________________                   -----    -----
  +--> ?PR?_DELAY_MS?________________
  +--> ?PR?BEEP_FUNC?________________
  +--> ?PR?_LCD_WRITE_CMD?________________
  +--> ?PR?_LCD_DISPLAY_TIME?________________
  +--> ?PR?_I2C_WRITE_DATA?________________

?PR?BEEP_FUNC?________________                 -----    -----
  +--> ?PR?_DELAY_MS?________________

?PR?_I2C_WRITE_DATA?________________           -----    -----
  +--> ?PR?_LCD_WRITE_WEEK?________________
  +--> ?PR?_LCD_WRITE_CMD?________________
  +--> ?PR?I2C_RESPOND?________________
  +--> ?PR?_I2C_WRITE_BYTE?________________
  +--> ?PR?I2C_STOP?________________

?PR?_LCD_WRITE_WEEK?________________           -----    -----
  +--> ?PR?_LCD_WRITE_CMD?________________
  +--> ?PR?_DELAY_MS?________________

*** NEW ROOT ***************************************************

?PR?T0_TIME?________________                   -----    -----
  +--> ?PR?_LCD_DISPLAY_TIME?________________
  +--> ?PR?_I2C_WRITE_DATA?________________



SYMBOL TABLE OF MODULE:  .\Objects\Test11_设计时钟 (?C_STARTUP)

  VALUE           TYPE          NAME
BL51 BANKED LINKER/LOCATER V6.22                                                      02/03/2020  22:47:42  PAGE 4


  ----------------------------------

  -------         MODULE        ?C_STARTUP
  C:07C4H         SEGMENT       ?C_C51STARTUP
  I:002EH         SEGMENT       ?STACK
  C:0000H         PUBLIC        ?C_STARTUP
  D:00E0H         SYMBOL        ACC
  D:00F0H         SYMBOL        B
  D:0083H         SYMBOL        DPH
  D:0082H         SYMBOL        DPL
  N:0000H         SYMBOL        IBPSTACK
  N:0100H         SYMBOL        IBPSTACKTOP
  N:0080H         SYMBOL        IDATALEN
  C:07C7H         SYMBOL        IDATALOOP
  N:0000H         SYMBOL        PBPSTACK
  N:0100H         SYMBOL        PBPSTACKTOP
  N:0000H         SYMBOL        PDATALEN
  N:0000H         SYMBOL        PDATASTART
  N:0000H         SYMBOL        PPAGE
  N:0000H         SYMBOL        PPAGEENABLE
  D:00A0H         SYMBOL        PPAGE_SFR
  D:0081H         SYMBOL        SP
  C:07C4H         SYMBOL        STARTUP1
  N:0000H         SYMBOL        XBPSTACK
  N:0000H         SYMBOL        XBPSTACKTOP
  N:0000H         SYMBOL        XDATALEN
  N:0000H         SYMBOL        XDATASTART
  C:0000H         LINE#         126
  C:07C4H         LINE#         133
  C:07C6H         LINE#         134
  C:07C7H         LINE#         135
  C:07C8H         LINE#         136
  C:07CAH         LINE#         185
  C:07CDH         LINE#         196
  -------         ENDMOD        ?C_STARTUP

  -------         MODULE        ________________
  C:0000H         SYMBOL        _ICE_DUMMY_
  D:0080H         PUBLIC        P0
  D:0090H         PUBLIC        P1
  B:00B0H.7       PUBLIC        key_rd
  D:00A0H         PUBLIC        P2
  D:00B0H         PUBLIC        P3
  B:00A8H.7       PUBLIC        EA
  B:00B0H.4       PUBLIC        lcden
  C:0CE6H         PUBLIC        table
  D:00A8H         PUBLIC        IE
  C:09C8H         PUBLIC        _TempDeal
  C:05E3H         PUBLIC        T0_time
  D:00B8H         PUBLIC        IP
  B:00D0H.7       PUBLIC        CY
  B:00A0H.3       PUBLIC        beep
  C:0BE4H         PUBLIC        I2C_respond
  C:0AD9H         PUBLIC        _lcd_display_time
  C:0CD8H         PUBLIC        main
  D:0008H         PUBLIC        miao
  B:00A0H.6       PUBLIC        dula
BL51 BANKED LINKER/LOCATER V6.22                                                      02/03/2020  22:47:42  PAGE 5


  C:095AH         PUBLIC        _lcd_display_temp
  D:0009H         PUBLIC        month
  C:06D8H         PUBLIC        LcdInit
  B:00A0H.7       PUBLIC        wela
  D:000AH         PUBLIC        count
  C:0CAEH         PUBLIC        beep_func
  C:0A94H         PUBLIC        TempReadByte
  B:0020H.2       PUBLIC        write
  C:032EH         PUBLIC        KeyScan
  D:000BH         PUBLIC        temp_float
  C:0B07H         PUBLIC        _TempWarn
  D:000FH         PUBLIC        warn_h1
  D:0098H         PUBLIC        SCON
  D:0011H         PUBLIC        warn_h2
  D:0089H         PUBLIC        TMOD
  D:0088H         PUBLIC        TCON
  C:0B6AH         PUBLIC        TempReadBit
  D:0013H         PUBLIC        warn_l1
  D:0015H         PUBLIC        warn_l2
  C:08D7H         PUBLIC        GetTemp
  D:0017H         PUBLIC        fen
  C:0BFCH         PUBLIC        _I2C_read_data
  C:0A42H         PUBLIC        _TempWriteByte
  C:0C1BH         PUBLIC        DsReset
  D:0018H         PUBLIC        day
  C:0C79H         PUBLIC        _lcd_write_data
  D:0019H         PUBLIC        WeekNum
  D:001AH         PUBLIC        shi
  B:00A8H.1       PUBLIC        ET0
  C:0B9FH         PUBLIC        _I2C_write_data
  D:008CH         PUBLIC        TH0
  C:0CBAH         PUBLIC        I2C_start
  D:008AH         PUBLIC        TL0
  C:0850H         PUBLIC        _lcd_write_week
  C:0B4CH         PUBLIC        _delay_ms
  C:0BB7H         PUBLIC        I2C_read_byte
  B:00B0H.1       PUBLIC        key_add
  C:0CCEH         PUBLIC        I2C_init
  B:0088H.4       PUBLIC        TR0
  B:00A0H.2       PUBLIC        ds
  B:00A0H.0       PUBLIC        SDA
  C:0C9DH         PUBLIC        _lcd_write_cmd
  B:00B0H.0       PUBLIC        key_func
  C:0CE5H         PUBLIC        delay_us_hard
  C:0003H         PUBLIC        TempChange
  B:00A0H.1       PUBLIC        SCL
  C:0C58H         PUBLIC        _I2C_write_byte
  D:001BH         PUBLIC        temp_int
  B:00B0H.5       PUBLIC        rs
  C:0CC4H         PUBLIC        I2C_stop
  D:00C8H         PUBLIC        T2CON
  D:001DH         PUBLIC        year_re
  D:001EH         PUBLIC        KeyFuncNum
  D:001FH         PUBLIC        year_fr
  C:0C3AH         PUBLIC        _delay_ms_soft
  B:00B0H.2       PUBLIC        key_sub
  D:00D0H         PUBLIC        PSW
BL51 BANKED LINKER/LOCATER V6.22                                                      02/03/2020  22:47:42  PAGE 6


  C:0CE0H         SYMBOL        L?0202
  -------         PROC          L?0201
  -------         ENDPROC       L?0201
  C:0CE0H         SYMBOL        L?0202
  -------         PROC          DELAY_US_HARD
  C:0CE5H         LINE#         12
  C:0CE5H         LINE#         13
  -------         ENDPROC       DELAY_US_HARD
  -------         PROC          _DELAY_MS_SOFT
  D:0006H         SYMBOL        n
  -------         DO            
  D:0006H         SYMBOL        i
  D:0004H         SYMBOL        j
  -------         ENDDO         
  C:0C3AH         LINE#         16
  C:0C3AH         LINE#         17
  C:0C3AH         LINE#         19
  C:0C43H         LINE#         20
  C:0C57H         LINE#         21
  -------         ENDPROC       _DELAY_MS_SOFT
  -------         PROC          I2C_START
  C:0CBAH         LINE#         24
  C:0CBAH         LINE#         25
  C:0CBAH         LINE#         26
  C:0CBCH         LINE#         27
  C:0CBCH         LINE#         28
  C:0CBCH         LINE#         29
  C:0CBFH         LINE#         30
  C:0CC1H         LINE#         31
  -------         ENDPROC       I2C_START
  -------         PROC          I2C_STOP
  C:0CC4H         LINE#         35
  C:0CC4H         LINE#         36
  C:0CC4H         LINE#         37
  C:0CC6H         LINE#         38
  C:0CC6H         LINE#         39
  C:0CC6H         LINE#         40
  C:0CC9H         LINE#         41
  C:0CCBH         LINE#         42
  -------         ENDPROC       I2C_STOP
  -------         PROC          L?0194
  -------         ENDPROC       L?0194
  -------         PROC          I2C_RESPOND
  -------         DO            
  D:0029H         SYMBOL        i
  -------         ENDDO         
  C:0BE4H         LINE#         46
  C:0BE4H         LINE#         47
  C:0BE4H         LINE#         49
  C:0BE6H         LINE#         50
  C:0BE9H         LINE#         51
  C:0BF7H         LINE#         52
  C:0BF9H         LINE#         53
  -------         ENDPROC       I2C_RESPOND
  -------         PROC          I2C_INIT
  C:0CCEH         LINE#         57
  C:0CCEH         LINE#         58
BL51 BANKED LINKER/LOCATER V6.22                                                      02/03/2020  22:47:42  PAGE 7


  C:0CCEH         LINE#         59
  C:0CD0H         LINE#         60
  C:0CD3H         LINE#         61
  C:0CD5H         LINE#         62
  -------         ENDPROC       I2C_INIT
  -------         PROC          _I2C_WRITE_BYTE
  D:0007H         SYMBOL        data_val
  -------         DO            
  D:0006H         SYMBOL        i
  D:0007H         SYMBOL        temp
  -------         ENDDO         
  C:0C58H         LINE#         66
  C:0C58H         LINE#         67
  C:0C58H         LINE#         69
  C:0C58H         LINE#         70
  C:0C5AH         LINE#         71
  C:0C5AH         LINE#         72
  C:0C5EH         LINE#         73
  C:0C60H         LINE#         74
  C:0C63H         LINE#         75
  C:0C65H         LINE#         76
  C:0C65H         LINE#         77
  C:0C65H         LINE#         78
  C:0C68H         LINE#         79
  C:0C6CH         LINE#         81
  C:0C6EH         LINE#         82
  C:0C71H         LINE#         83
  C:0C73H         LINE#         84
  -------         ENDPROC       _I2C_WRITE_BYTE
  -------         PROC          I2C_READ_BYTE
  -------         DO            
  D:0006H         SYMBOL        i
  D:0007H         SYMBOL        j
  -------         ENDDO         
  C:0BB7H         LINE#         88
  C:0BB7H         LINE#         89
  C:0BB7H         LINE#         91
  C:0BB9H         LINE#         92
  C:0BBCH         LINE#         93
  C:0BBEH         LINE#         94
  C:0BC1H         LINE#         95
  C:0BC3H         LINE#         96
  C:0BC3H         LINE#         97
  C:0BC5H         LINE#         98
  C:0BC8H         LINE#         99
  C:0BD2H         LINE#         100
  C:0BD4H         LINE#         101
  C:0BD7H         LINE#         102
  C:0BDBH         LINE#         103
  C:0BDBH         LINE#         104
  -------         ENDPROC       I2C_READ_BYTE
  -------         PROC          L?0197
  -------         ENDPROC       L?0197
  -------         PROC          _I2C_WRITE_DATA
  D:0004H         SYMBOL        address
  D:0005H         SYMBOL        data_val
  C:0B9FH         LINE#         107
BL51 BANKED LINKER/LOCATER V6.22                                                      02/03/2020  22:47:42  PAGE 8


  C:0BA1H         LINE#         108
  C:0BA1H         LINE#         109
  C:0BA1H         LINE#         110
  C:0BA1H         LINE#         111
  C:0BA4H         LINE#         112
  C:0BA9H         LINE#         113
  C:0BACH         LINE#         114
  C:0BB1H         LINE#         115
  C:0BB4H         LINE#         116
  -------         ENDPROC       _I2C_WRITE_DATA
  -------         PROC          _I2C_READ_DATA
  D:0005H         SYMBOL        address
  -------         DO            
  D:0007H         SYMBOL        temp
  -------         ENDDO         
  C:0BFCH         LINE#         120
  C:0BFEH         LINE#         121
  C:0BFEH         LINE#         123
  C:0BFEH         LINE#         124
  C:0BFEH         LINE#         125
  C:0C01H         LINE#         126
  C:0C06H         LINE#         127
  C:0C09H         LINE#         128
  C:0C0CH         LINE#         129
  C:0C11H         LINE#         130
  C:0C14H         LINE#         131
  C:0C17H         LINE#         132
  C:0C1AH         LINE#         134
  C:0C1AH         LINE#         135
  -------         ENDPROC       _I2C_READ_DATA
  C:0B45H         SYMBOL        L?0192
  C:0B48H         SYMBOL        L?0193
  -------         PROC          L?0191
  -------         ENDPROC       L?0191
  C:0B45H         SYMBOL        L?0192
  C:0B48H         SYMBOL        L?0193
  -------         PROC          _DELAY_MS
  D:0006H         SYMBOL        n
  -------         DO            
  D:0006H         SYMBOL        i
  D:0004H         SYMBOL        j
  -------         ENDDO         
  C:0B4CH         LINE#         74
  C:0B4CH         LINE#         75
  C:0B4CH         LINE#         77
  C:0B55H         LINE#         78
  C:0B69H         LINE#         79
  -------         ENDPROC       _DELAY_MS
  -------         PROC          BEEP_FUNC
  C:0CAEH         LINE#         82
  C:0CAEH         LINE#         83
  C:0CAEH         LINE#         84
  C:0CB0H         LINE#         85
  C:0CB7H         LINE#         86
  C:0CB9H         LINE#         87
  -------         ENDPROC       BEEP_FUNC
  -------         PROC          _LCD_WRITE_CMD
BL51 BANKED LINKER/LOCATER V6.22                                                      02/03/2020  22:47:42  PAGE 9


  D:0007H         SYMBOL        cmd
  C:0C9DH         LINE#         90
  C:0C9DH         LINE#         91
  C:0C9DH         LINE#         92
  C:0C9FH         LINE#         93
  C:0CA1H         LINE#         94
  C:0CA3H         LINE#         95
  C:0CA6H         LINE#         96
  C:0CA8H         LINE#         97
  C:0CABH         LINE#         98
  C:0CADH         LINE#         99
  -------         ENDPROC       _LCD_WRITE_CMD
  -------         PROC          L?0203
  -------         ENDPROC       L?0203
  -------         PROC          _LCD_WRITE_DATA
  D:0007H         SYMBOL        data_val
  C:0C79H         LINE#         102
  C:0C79H         LINE#         103
  C:0C79H         LINE#         104
  C:0C7BH         LINE#         105
  C:0C7DH         LINE#         106
  C:0C7FH         LINE#         107
  C:0C82H         LINE#         108
  C:0C84H         LINE#         109
  C:0C87H         LINE#         110
  C:0C89H         LINE#         111
  -------         ENDPROC       _LCD_WRITE_DATA
  C:0AD3H         SYMBOL        L?0196
  -------         PROC          L?0195
  -------         ENDPROC       L?0195
  C:0AD3H         SYMBOL        L?0196
  -------         PROC          _LCD_DISPLAY_TIME
  D:0001H         SYMBOL        flag
  D:0002H         SYMBOL        add
  D:0003H         SYMBOL        date
  -------         DO            
  D:0029H         SYMBOL        ge
  D:0003H         SYMBOL        shi
  -------         ENDDO         
  C:0AD9H         LINE#         114
  C:0ADDH         LINE#         115
  C:0ADDH         LINE#         117
  C:0AE5H         LINE#         118
  C:0AEBH         LINE#         119
  C:0AEEH         LINE#         120
  C:0AEEH         LINE#         121
  C:0AF1H         LINE#         122
  C:0AF1H         LINE#         123
  C:0AF1H         LINE#         124
  C:0AF3H         LINE#         126
  C:0AF6H         LINE#         127
  C:0AF6H         LINE#         128
  C:0AFDH         LINE#         129
  C:0B01H         LINE#         130
  C:0B06H         LINE#         131
  C:0B06H         LINE#         133
  -------         ENDPROC       _LCD_DISPLAY_TIME
BL51 BANKED LINKER/LOCATER V6.22                                                      02/03/2020  22:47:42  PAGE 10


  C:0954H         SYMBOL        L?0200
  -------         PROC          L?0199
  -------         ENDPROC       L?0199
  C:0954H         SYMBOL        L?0200
  -------         PROC          _LCD_DISPLAY_TEMP
  D:0021H         SYMBOL        add
  D:0002H         SYMBOL        temp_int
  -------         DO            
  D:0022H         SYMBOL        ge
  D:0023H         SYMBOL        shi
  D:0003H         SYMBOL        xiao
  -------         ENDDO         
  C:095AH         LINE#         136
  C:0960H         LINE#         137
  C:0960H         LINE#         139
  C:096DH         LINE#         140
  C:0987H         LINE#         141
  C:09A1H         LINE#         143
  C:09A9H         LINE#         144
  C:09B1H         LINE#         145
  C:09B9H         LINE#         146
  C:09C1H         LINE#         147
  -------         ENDPROC       _LCD_DISPLAY_TEMP
  -------         PROC          _LCD_WRITE_WEEK
  D:0003H         SYMBOL        week
  C:0850H         LINE#         152
  C:0852H         LINE#         153
  C:0852H         LINE#         154
  C:0857H         LINE#         156
  C:0881H         LINE#         157
  C:0881H         LINE#         158
  C:0886H         LINE#         159
  C:0888H         LINE#         160
  C:0888H         LINE#         161
  C:088AH         LINE#         163
  C:088CH         LINE#         164
  C:088FH         LINE#         165
  C:0891H         LINE#         166
  C:0894H         LINE#         168
  C:0899H         LINE#         169
  C:089EH         LINE#         170
  C:08A0H         LINE#         171
  C:08A2H         LINE#         173
  C:08A7H         LINE#         174
  C:08ACH         LINE#         175
  C:08AEH         LINE#         176
  C:08B0H         LINE#         178
  C:08B5H         LINE#         179
  C:08BAH         LINE#         180
  C:08BCH         LINE#         181
  C:08BEH         LINE#         183
  C:08C3H         LINE#         184
  C:08C8H         LINE#         185
  C:08CAH         LINE#         186
  C:08CCH         LINE#         188
  C:08CEH         LINE#         189
  C:08D1H         LINE#         190
BL51 BANKED LINKER/LOCATER V6.22                                                      02/03/2020  22:47:42  PAGE 11


  C:08D6H         LINE#         191
  C:08D6H         LINE#         192
  C:08D6H         LINE#         193
  -------         ENDPROC       _LCD_WRITE_WEEK
  -------         PROC          LCDINIT
  -------         DO            
  D:0003H         SYMBOL        i
  -------         ENDDO         
  C:06D8H         LINE#         196
  C:06D8H         LINE#         197
  C:06D8H         LINE#         201
  C:06DBH         LINE#         202
  C:06DDH         LINE#         203
  C:06DFH         LINE#         204
  C:06E1H         LINE#         205
  C:06E3H         LINE#         206
  C:06E5H         LINE#         209
  C:06E7H         LINE#         212
  C:06E9H         LINE#         213
  C:06EBH         LINE#         214
  C:06EDH         LINE#         215
  C:06F0H         LINE#         216
  C:06F5H         LINE#         217
  C:06FAH         LINE#         218
  C:06FFH         LINE#         219
  C:0704H         LINE#         220
  C:0709H         LINE#         221
  C:070BH         LINE#         222
  C:070BH         LINE#         223
  C:0711H         LINE#         224
  C:0714H         LINE#         225
  C:0718H         LINE#         227
  C:071DH         LINE#         228
  C:071FH         LINE#         229
  C:0722H         LINE#         230
  C:0727H         LINE#         231
  C:0729H         LINE#         232
  C:072CH         LINE#         234
  C:0731H         LINE#         235
  C:0733H         LINE#         236
  C:0736H         LINE#         237
  C:073BH         LINE#         238
  C:0740H         LINE#         239
  C:0745H         LINE#         240
  C:0747H         LINE#         241
  C:074AH         LINE#         243
  C:0751H         LINE#         244
  C:0758H         LINE#         245
  C:075FH         LINE#         246
  C:0766H         LINE#         247
  C:0769H         LINE#         248
  C:0772H         LINE#         249
  C:077BH         LINE#         250
  C:0784H         LINE#         252
  C:078BH         LINE#         253
  C:0792H         LINE#         254
  C:0799H         LINE#         255
BL51 BANKED LINKER/LOCATER V6.22                                                      02/03/2020  22:47:42  PAGE 12


  C:07A2H         LINE#         256
  C:07ABH         LINE#         257
  C:07B4H         LINE#         260
  C:07B7H         LINE#         261
  C:07BAH         LINE#         262
  C:07BDH         LINE#         263
  C:07BFH         LINE#         264
  C:07C1H         LINE#         265
  C:07C3H         LINE#         266
  -------         ENDPROC       LCDINIT
  -------         PROC          DSRESET
  -------         DO            
  D:0006H         SYMBOL        i
  -------         ENDDO         
  C:0C1BH         LINE#         269
  C:0C1BH         LINE#         270
  C:0C1BH         LINE#         272
  C:0C1DH         LINE#         273
  C:0C21H         LINE#         274
  C:0C2AH         LINE#         275
  C:0C2CH         LINE#         276
  C:0C30H         LINE#         277
  C:0C39H         LINE#         278
  -------         ENDPROC       DSRESET
  -------         PROC          TEMPREADBIT
  -------         DO            
  D:0004H         SYMBOL        i
  B:0020H.0       SYMBOL        data_val
  -------         ENDDO         
  C:0B6AH         LINE#         281
  C:0B6AH         LINE#         282
  C:0B6AH         LINE#         285
  C:0B6CH         LINE#         286
  C:0B70H         LINE#         287
  C:0B72H         LINE#         288
  C:0B76H         LINE#         289
  C:0B7AH         LINE#         290
  C:0B7EH         LINE#         291
  C:0B82H         LINE#         292
  C:0B8BH         LINE#         293
  C:0B90H         LINE#         294
  -------         ENDPROC       TEMPREADBIT
  -------         PROC          TEMPREADBYTE
  -------         DO            
  D:0002H         SYMBOL        i
  D:0004H         SYMBOL        j
  D:002AH         SYMBOL        data_val
  -------         ENDDO         
  C:0A94H         LINE#         297
  C:0A94H         LINE#         298
  C:0A94H         LINE#         300
  C:0A99H         LINE#         301
  C:0A9BH         LINE#         302
  C:0A9BH         LINE#         303
  C:0AA2H         LINE#         304
  C:0AC5H         LINE#         305
  C:0AD0H         LINE#         306
BL51 BANKED LINKER/LOCATER V6.22                                                      02/03/2020  22:47:42  PAGE 13


  C:0AD2H         LINE#         307
  -------         ENDPROC       TEMPREADBYTE
  -------         PROC          L?0198
  -------         ENDPROC       L?0198
  -------         PROC          _TEMPWRITEBYTE
  D:0005H         SYMBOL        data_val
  -------         DO            
  D:0006H         SYMBOL        i
  D:0002H         SYMBOL        j
  B:0020H.1       SYMBOL        TempBit
  -------         ENDDO         
  C:0A42H         LINE#         310
  C:0A44H         LINE#         311
  C:0A44H         LINE#         314
  C:0A47H         LINE#         315
  C:0A47H         LINE#         317
  C:0A4BH         LINE#         318
  C:0A4FH         LINE#         321
  C:0A52H         LINE#         322
  C:0A52H         LINE#         323
  C:0A54H         LINE#         324
  C:0A5CH         LINE#         325
  C:0A5EH         LINE#         326
  C:0A62H         LINE#         327
  C:0A6DH         LINE#         328
  C:0A6DH         LINE#         332
  C:0A6DH         LINE#         333
  C:0A6FH         LINE#         334
  C:0A73H         LINE#         335
  C:0A7CH         LINE#         336
  C:0A7EH         LINE#         337
  C:0A88H         LINE#         338
  C:0A88H         LINE#         339
  C:0A93H         LINE#         340
  -------         ENDPROC       _TEMPWRITEBYTE
  -------         PROC          TEMPCHANGE
  C:0003H         LINE#         343
  C:0003H         LINE#         344
  C:0003H         LINE#         345
  C:0003H         LINE#         346
  C:0003H         LINE#         347
  C:0006H         LINE#         348
  -------         ENDPROC       TEMPCHANGE
  -------         PROC          GETTEMP
  -------         DO            
  D:0001H         SYMBOL        LowWord
  D:0007H         SYMBOL        HighWord
  -------         ENDDO         
  C:08D7H         LINE#         352
  C:08D7H         LINE#         353
  C:08D7H         LINE#         355
  C:08D7H         LINE#         356
  C:08D7H         LINE#         357
  C:08DAH         LINE#         358
  C:08DFH         LINE#         359
  C:08E4H         LINE#         360
  C:08E7H         LINE#         363
BL51 BANKED LINKER/LOCATER V6.22                                                      02/03/2020  22:47:42  PAGE 14


  C:08ECH         LINE#         364
  C:08F3H         LINE#         365
  C:08F9H         LINE#         368
  C:0912H         LINE#         369
  C:0934H         LINE#         370
  C:094FH         LINE#         372
  C:0953H         LINE#         373
  -------         ENDPROC       GETTEMP
  -------         PROC          _TEMPWARN
  D:002CH         SYMBOL        noice
  D:0005H         SYMBOL        led
  -------         DO            
  D:002DH         SYMBOL        i
  -------         ENDDO         
  C:0B07H         LINE#         376
  C:0B09H         LINE#         377
  C:0B09H         LINE#         379
  C:0B0CH         LINE#         382
  C:0B0EH         LINE#         383
  C:0B12H         LINE#         384
  C:0B19H         LINE#         385
  C:0B19H         LINE#         386
  C:0B1FH         LINE#         387
  C:0B21H         LINE#         390
  C:0B23H         LINE#         391
  C:0B26H         LINE#         392
  C:0B29H         LINE#         393
  C:0B30H         LINE#         394
  C:0B30H         LINE#         395
  C:0B36H         LINE#         396
  C:0B38H         LINE#         397
  -------         ENDPROC       _TEMPWARN
  -------         PROC          _TEMPDEAL
  D:0024H         SYMBOL        temp_int
  -------         DO            
  D:0026H         SYMBOL        i
  -------         ENDDO         
  C:09C8H         LINE#         400
  C:09CCH         LINE#         401
  C:09CCH         LINE#         405
  C:09E2H         LINE#         406
  C:09E2H         LINE#         407
  C:09E4H         LINE#         408
  C:09E6H         LINE#         410
  C:09F1H         LINE#         411
  C:09F1H         LINE#         412
  C:09F3H         LINE#         413
  C:09F5H         LINE#         415
  C:0A0BH         LINE#         416
  C:0A0BH         LINE#         417
  C:0A0FH         LINE#         418
  C:0A11H         LINE#         420
  C:0A1CH         LINE#         421
  C:0A1CH         LINE#         422
  C:0A23H         LINE#         423
  C:0A23H         LINE#         427
  C:0A23H         LINE#         428
BL51 BANKED LINKER/LOCATER V6.22                                                      02/03/2020  22:47:42  PAGE 15


  C:0A26H         LINE#         429
  C:0A2DH         LINE#         430
  C:0A2DH         LINE#         431
  C:0A33H         LINE#         432
  C:0A35H         LINE#         433
  C:0A35H         LINE#         434
  -------         ENDPROC       _TEMPDEAL
  -------         PROC          KEYSCAN
  C:032EH         LINE#         437
  C:032EH         LINE#         438
  C:032EH         LINE#         439
  C:0331H         LINE#         440
  C:0331H         LINE#         441
  C:0334H         LINE#         442
  C:0337H         LINE#         443
  C:0337H         LINE#         444
  C:0339H         LINE#         445
  C:033CH         LINE#         446
  C:033FH         LINE#         449
  C:0344H         LINE#         450
  C:0344H         LINE#         451
  C:0346H         LINE#         452
  C:034BH         LINE#         453
  C:0350H         LINE#         454
  C:0350H         LINE#         456
  C:0355H         LINE#         457
  C:0355H         LINE#         458
  C:035AH         LINE#         459
  C:035AH         LINE#         461
  C:035FH         LINE#         462
  C:035FH         LINE#         463
  C:0364H         LINE#         464
  C:0364H         LINE#         467
  C:0369H         LINE#         468
  C:0369H         LINE#         469
  C:036EH         LINE#         470
  C:036EH         LINE#         472
  C:0373H         LINE#         473
  C:0373H         LINE#         474
  C:0378H         LINE#         475
  C:0378H         LINE#         477
  C:037DH         LINE#         478
  C:037DH         LINE#         479
  C:0382H         LINE#         480
  C:0382H         LINE#         482
  C:0387H         LINE#         483
  C:0387H         LINE#         484
  C:038CH         LINE#         485
  C:038CH         LINE#         487
  C:0391H         LINE#         488
  C:0391H         LINE#         489
  C:0396H         LINE#         490
  C:0396H         LINE#         491
  C:039BH         LINE#         492
  C:039BH         LINE#         493
  C:039EH         LINE#         494
  C:03A3H         LINE#         495
BL51 BANKED LINKER/LOCATER V6.22                                                      02/03/2020  22:47:42  PAGE 16


  C:03A5H         LINE#         496
  C:03A5H         LINE#         497
  C:03A5H         LINE#         498
  C:03A5H         LINE#         500
  C:03ACH         LINE#         501
  C:03ACH         LINE#         502
  C:03B2H         LINE#         503
  C:03B2H         LINE#         504
  C:03B5H         LINE#         505
  C:03BBH         LINE#         506
  C:03BBH         LINE#         507
  C:03BEH         LINE#         508
  C:03C1H         LINE#         511
  C:03C6H         LINE#         512
  C:03C6H         LINE#         513
  C:03C8H         LINE#         514
  C:03CDH         LINE#         515
  C:03CDH         LINE#         516
  C:03D0H         LINE#         517
  C:03D0H         LINE#         518
  C:03D9H         LINE#         519
  C:03DEH         LINE#         520
  C:03E5H         LINE#         521
  C:03E5H         LINE#         523
  C:03EAH         LINE#         524
  C:03EAH         LINE#         525
  C:03ECH         LINE#         526
  C:03F1H         LINE#         527
  C:03F1H         LINE#         528
  C:03F4H         LINE#         529
  C:03F4H         LINE#         530
  C:03FDH         LINE#         531
  C:0402H         LINE#         532
  C:0409H         LINE#         533
  C:0409H         LINE#         535
  C:040EH         LINE#         536
  C:040EH         LINE#         537
  C:0410H         LINE#         538
  C:0415H         LINE#         539
  C:0415H         LINE#         540
  C:0418H         LINE#         541
  C:0418H         LINE#         542
  C:0421H         LINE#         543
  C:0426H         LINE#         544
  C:042DH         LINE#         545
  C:042DH         LINE#         548
  C:0432H         LINE#         549
  C:0432H         LINE#         550
  C:0434H         LINE#         551
  C:0439H         LINE#         552
  C:0439H         LINE#         553
  C:043CH         LINE#         554
  C:043CH         LINE#         555
  C:043FH         LINE#         556
  C:0444H         LINE#         557
  C:044BH         LINE#         558
  C:044BH         LINE#         560
BL51 BANKED LINKER/LOCATER V6.22                                                      02/03/2020  22:47:42  PAGE 17


  C:0450H         LINE#         561
  C:0450H         LINE#         562
  C:0452H         LINE#         563
  C:0457H         LINE#         564
  C:0457H         LINE#         565
  C:045AH         LINE#         566
  C:045AH         LINE#         567
  C:0463H         LINE#         568
  C:0468H         LINE#         569
  C:046FH         LINE#         570
  C:046FH         LINE#         572
  C:0474H         LINE#         573
  C:0474H         LINE#         574
  C:0476H         LINE#         575
  C:047BH         LINE#         576
  C:047BH         LINE#         577
  C:047EH         LINE#         578
  C:047EH         LINE#         579
  C:0487H         LINE#         580
  C:048CH         LINE#         581
  C:0493H         LINE#         582
  C:0493H         LINE#         584
  C:0498H         LINE#         585
  C:0498H         LINE#         586
  C:049AH         LINE#         587
  C:049FH         LINE#         588
  C:049FH         LINE#         589
  C:04A2H         LINE#         590
  C:04A2H         LINE#         591
  C:04ABH         LINE#         592
  C:04B0H         LINE#         593
  C:04B7H         LINE#         594
  C:04B7H         LINE#         596
  C:04BCH         LINE#         597
  C:04BCH         LINE#         598
  C:04BEH         LINE#         599
  C:04C3H         LINE#         600
  C:04C3H         LINE#         601
  C:04C6H         LINE#         602
  C:04C6H         LINE#         603
  C:04C6H         LINE#         604
  C:04C6H         LINE#         605
  C:04C9H         LINE#         606
  C:04C9H         LINE#         607
  C:04C9H         LINE#         608
  C:04C9H         LINE#         610
  C:04CFH         LINE#         611
  C:04CFH         LINE#         612
  C:04D2H         LINE#         613
  C:04D8H         LINE#         614
  C:04D8H         LINE#         615
  C:04DBH         LINE#         616
  C:04DEH         LINE#         619
  C:04E3H         LINE#         620
  C:04E3H         LINE#         621
  C:04E5H         LINE#         622
  C:04EAH         LINE#         623
BL51 BANKED LINKER/LOCATER V6.22                                                      02/03/2020  22:47:42  PAGE 18


  C:04EAH         LINE#         624
  C:04EDH         LINE#         625
  C:04EDH         LINE#         626
  C:04F6H         LINE#         627
  C:04FBH         LINE#         628
  C:0502H         LINE#         629
  C:0502H         LINE#         631
  C:0507H         LINE#         632
  C:0507H         LINE#         633
  C:0509H         LINE#         634
  C:050EH         LINE#         635
  C:050EH         LINE#         636
  C:0511H         LINE#         637
  C:0511H         LINE#         638
  C:051AH         LINE#         639
  C:051FH         LINE#         640
  C:0526H         LINE#         641
  C:0526H         LINE#         643
  C:052BH         LINE#         644
  C:052BH         LINE#         645
  C:052DH         LINE#         646
  C:0532H         LINE#         647
  C:0532H         LINE#         648
  C:0535H         LINE#         649
  C:0535H         LINE#         650
  C:053EH         LINE#         651
  C:0543H         LINE#         652
  C:054AH         LINE#         653
  C:054AH         LINE#         656
  C:054FH         LINE#         657
  C:054FH         LINE#         658
  C:0551H         LINE#         659
  C:0556H         LINE#         660
  C:0556H         LINE#         661
  C:0559H         LINE#         662
  C:0559H         LINE#         663
  C:055CH         LINE#         664
  C:0561H         LINE#         665
  C:0568H         LINE#         666
  C:0568H         LINE#         668
  C:056DH         LINE#         669
  C:056DH         LINE#         670
  C:056FH         LINE#         671
  C:0574H         LINE#         672
  C:0574H         LINE#         673
  C:0577H         LINE#         674
  C:0577H         LINE#         675
  C:0580H         LINE#         676
  C:0585H         LINE#         677
  C:058CH         LINE#         678
  C:058CH         LINE#         680
  C:0591H         LINE#         681
  C:0591H         LINE#         682
  C:0593H         LINE#         683
  C:0598H         LINE#         684
  C:0598H         LINE#         685
  C:059BH         LINE#         686
BL51 BANKED LINKER/LOCATER V6.22                                                      02/03/2020  22:47:42  PAGE 19


  C:059BH         LINE#         687
  C:05A4H         LINE#         688
  C:05A9H         LINE#         689
  C:05B0H         LINE#         690
  C:05B0H         LINE#         692
  C:05B5H         LINE#         693
  C:05B5H         LINE#         694
  C:05B7H         LINE#         695
  C:05BCH         LINE#         696
  C:05BCH         LINE#         697
  C:05BFH         LINE#         698
  C:05BFH         LINE#         699
  C:05C8H         LINE#         700
  C:05CDH         LINE#         701
  C:05D4H         LINE#         702
  C:05D4H         LINE#         704
  C:05D9H         LINE#         705
  C:05D9H         LINE#         706
  C:05DCH         LINE#         707
  C:05DCH         LINE#         708
  C:05DCH         LINE#         709
  C:05DFH         LINE#         710
  C:05DFH         LINE#         711
  C:05DFH         LINE#         712
  C:05DFH         LINE#         713
  C:05E2H         LINE#         714
  C:05E2H         LINE#         715
  C:05E2H         LINE#         716
  C:05E2H         LINE#         718
  C:05E2H         LINE#         719
  -------         ENDPROC       KEYSCAN
  -------         PROC          MAIN
  -------         DO            
  D:0027H         SYMBOL        i
  -------         ENDDO         
  C:0CD8H         LINE#         722
  C:0CD8H         LINE#         723
  C:0CD8H         LINE#         727
  C:0CDBH         LINE#         730
  C:0CDBH         LINE#         731
  C:0CDBH         LINE#         733
  C:0CDEH         LINE#         750
  -------         ENDPROC       MAIN
  -------         PROC          T0_TIME
  C:05E3H         LINE#         754
  C:05FAH         LINE#         756
  C:05FDH         LINE#         757
  C:0600H         LINE#         758
  C:0602H         LINE#         759
  C:060BH         LINE#         760
  C:060BH         LINE#         761
  C:060DH         LINE#         762
  C:060FH         LINE#         763
  C:0618H         LINE#         764
  C:0618H         LINE#         765
  C:061AH         LINE#         766
  C:061CH         LINE#         767
BL51 BANKED LINKER/LOCATER V6.22                                                      02/03/2020  22:47:42  PAGE 20


  C:0625H         LINE#         768
  C:0625H         LINE#         769
  C:0627H         LINE#         770
  C:0629H         LINE#         771
  C:062FH         LINE#         772
  C:062FH         LINE#         773
  C:0631H         LINE#         774
  C:0633H         LINE#         775
  C:0639H         LINE#         776
  C:0639H         LINE#         777
  C:063BH         LINE#         778
  C:063DH         LINE#         779
  C:0643H         LINE#         780
  C:0643H         LINE#         781
  C:0645H         LINE#         782
  C:0647H         LINE#         783
  C:064CH         LINE#         784
  C:064CH         LINE#         785
  C:064FH         LINE#         786
  C:0651H         LINE#         787
  C:0656H         LINE#         788
  C:0656H         LINE#         789
  C:0659H         LINE#         790
  C:0659H         LINE#         791
  C:0662H         LINE#         792
  C:0669H         LINE#         793
  C:0669H         LINE#         794
  C:0672H         LINE#         795
  C:0679H         LINE#         796
  C:0679H         LINE#         797
  C:0682H         LINE#         798
  C:0689H         LINE#         799
  C:0689H         LINE#         800
  C:068CH         LINE#         801
  C:0693H         LINE#         802
  C:0693H         LINE#         803
  C:069CH         LINE#         804
  C:06A3H         LINE#         805
  C:06A3H         LINE#         806
  C:06ACH         LINE#         807
  C:06B3H         LINE#         808
  C:06B3H         LINE#         809
  C:06BCH         LINE#         810
  C:06C3H         LINE#         811
  C:06C3H         LINE#         813
  -------         ENDPROC       T0_TIME
  -------         ENDMOD        ________________

  -------         MODULE        ?C?FPADD
  C:0015H         PUBLIC        ?C?FPADD
  C:0011H         PUBLIC        ?C?FPSUB
  -------         ENDMOD        ?C?FPADD

  -------         MODULE        ?C?FPMUL
  C:0106H         PUBLIC        ?C?FPMUL
  -------         ENDMOD        ?C?FPMUL

BL51 BANKED LINKER/LOCATER V6.22                                                      02/03/2020  22:47:42  PAGE 21


  -------         MODULE        ?C?FCAST
  C:0216H         PUBLIC        ?C?FCASTC
  C:0211H         PUBLIC        ?C?FCASTI
  C:020CH         PUBLIC        ?C?FCASTL
  -------         ENDMOD        ?C?FCAST

  -------         MODULE        ?C?CASTF
  C:024AH         PUBLIC        ?C?CASTF
  -------         ENDMOD        ?C?CASTF

  -------         MODULE        ?C?UIDIV
  C:02CBH         PUBLIC        ?C?UIDIV
  -------         ENDMOD        ?C?UIDIV

  -------         MODULE        ?C?LNEG
  C:0320H         PUBLIC        ?C?LNEG
  -------         ENDMOD        ?C?LNEG

*** WARNING L16: UNCALLED SEGMENT, IGNORED FOR OVERLAY PROCESS
    SEGMENT: ?PR?_DELAY_MS_SOFT?________________

*** WARNING L16: UNCALLED SEGMENT, IGNORED FOR OVERLAY PROCESS
    SEGMENT: ?PR?TEMPCHANGE?________________

*** WARNING L16: UNCALLED SEGMENT, IGNORED FOR OVERLAY PROCESS
    SEGMENT: ?PR?_TEMPDEAL?________________

*** WARNING L15: MULTIPLE CALL TO SEGMENT
    SEGMENT: ?PR?_LCD_DISPLAY_TIME?________________
    CALLER1: ?C_C51STARTUP
    CALLER2: ?PR?T0_TIME?________________

*** WARNING L15: MULTIPLE CALL TO SEGMENT
    SEGMENT: ?PR?I2C_RESPOND?________________
    CALLER1: ?C_C51STARTUP
    CALLER2: ?PR?T0_TIME?________________

Program Size: data=46.3 xdata=0 code=3306
LINK/LOCATE RUN COMPLETE.  5 WARNING(S),  0 ERROR(S)
