C51 COMPILER V9.54   ____________                                                          01/12/2020 11:02:09 PAGE 1   


C51 COMPILER V9.54, COMPILATION OF MODULE ____________
OBJECT MODULE PLACED IN .\Objects\矩阵键盘检测.obj
COMPILER INVOKED BY: E:\Learning_syy\C51&STM32\Keil5\C51\BIN\C51.EXE 矩阵键盘检测.c OPTIMIZE(8,SPEED) BROWSE DEBUG OBJEC
                    -TEXTEND PRINT(.\Listings\矩阵键盘检测.lst) TABS(2) OBJECT(.\Objects\矩阵键盘检测.obj)

line level    source

   1          /*
   2          **********************************************************************************************************
             -*************************************
   3          *
   4          *   模块名称 ： 数码管模块、矩阵键盘模块
   5          *   文件名称 ： 矩阵键盘检测.c
   6          *   版本     ： v1.0
   7          *   说明     ： 4X4矩阵键盘控制数码管显示"A~F"
   8          *   修改记录 ：
   9          *       版本号  日期        作者      说明
  10          *       v1.0    2020-01-12  Yang      v1.0版本进行测试
  11          *       
  12          *
  13          **********************************************************************************************************
             -*************************************
  14          */
  15          
  16          #include <reg52.h>
  17          #define uchar unsigned char
  18          #define uint unsigned int
  19          
  20          sbit dula=P2^6;
  21          sbit wela=P2^7;
  22          
  23          uchar code table[]={
  24            0x3f,0x06,0x5b,0x4f,
  25            0x66,0x6d,0x7d,0x07,
  26            0x7f,0x6f,0x77,0x7c,
  27            0x39,0x5e,0x79,0x71
  28          };
  29          
  30          /*延时函数，延时n毫秒*/
  31          void delay_ms(uint n)
  32          {
  33   1        uint i,j;
  34   1        for(i=n;i>0;i--)
  35   1          for(j=110;j>0;j--);
  36   1      }
  37          
  38          /*显示数码管前一位*/
  39          void display(uchar num)
  40          {
  41   1        /*显示段数据*/
  42   1        P0=table[num];
  43   1        dula=1;
  44   1        dula=0;
  45   1      }
  46          
  47          /*矩阵键盘检测*/
  48          void MatrixKeyScan()
  49          {
  50   1        uchar key,temp;
  51   1        /*temp=P3为扫描P3端口*/
  52   1        
C51 COMPILER V9.54   ____________                                                          01/12/2020 11:02:09 PAGE 2   

  53   1        /*检测第一行*/
  54   1        P3=0xfe;//第一行为低电平
  55   1        temp=P3;
  56   1        temp=temp&0xf0;//转换为列电平
  57   1        if(temp!=0xf0)//第一次检测按键是否按下
  58   1        {
  59   2          delay_ms(10);//延时消抖
  60   2          temp=P3;
  61   2          temp=temp&0xf0;
  62   2          if(temp!=0xf0)//第二次检测
  63   2          {
  64   3            temp=P3;
  65   3            switch(temp)
  66   3            {
  67   4              case 0xee:
  68   4                key=0;
  69   4                break;
  70   4              
  71   4              case 0xde:
  72   4                key=1;
  73   4                break;
  74   4              
  75   4              case 0xbe:
  76   4                key=2;
  77   4                break;
  78   4              
  79   4              case 0x7e:
  80   4                key=3;
  81   4                break;
  82   4            }
  83   3            while(temp!=0xf0)//检测按键是否松开，没松开则一直检测
  84   3            {
  85   4              temp=P3;
  86   4              temp=temp&0xf0;
  87   4            }
  88   3            display(key);//等按键松开后，再显示数字
  89   3          }
  90   2        }
  91   1        
  92   1        /*检测第二行*/
  93   1        P3=0xfd;//第二行为低电平
  94   1        temp=P3;
  95   1        temp=temp&0xf0;//转换为列电平
  96   1        if(temp!=0xf0)//第一次检测按键是否按下
  97   1        {
  98   2          delay_ms(10);//延时消抖
  99   2          temp=P3;
 100   2          temp=temp&0xf0;
 101   2          if(temp!=0xf0)//第二次检测
 102   2          {
 103   3            temp=P3;
 104   3            switch(temp)
 105   3            {
 106   4              case 0xed:
 107   4                key=4;
 108   4                break;
 109   4              
 110   4              case 0xdd:
 111   4                key=5;
 112   4                break;
 113   4              
 114   4              case 0xbd:
C51 COMPILER V9.54   ____________                                                          01/12/2020 11:02:09 PAGE 3   

 115   4                key=6;
 116   4                break;
 117   4              
 118   4              case 0x7d:
 119   4                key=7;
 120   4                break;
 121   4            }
 122   3            while(temp!=0xf0)//检测按键是否松开，没松开则一直检测
 123   3            {
 124   4              temp=P3;
 125   4              temp=temp&0xf0;
 126   4            }
 127   3            display(key);//等按键松开后，再显示数字
 128   3          }
 129   2        }
 130   1        
 131   1        /*检测第三行*/
 132   1        P3=0xfb;//第三行为低电平
 133   1        temp=P3;
 134   1        temp=temp&0xf0;//转换为列电平
 135   1        if(temp!=0xf0)//第一次检测按键是否按下
 136   1        {
 137   2          delay_ms(10);//延时消抖
 138   2          temp=P3;
 139   2          temp=temp&0xf0;
 140   2          if(temp!=0xf0)//第二次检测
 141   2          {
 142   3            temp=P3;
 143   3            switch(temp)
 144   3            {
 145   4              case 0xeb:
 146   4                key=8;
 147   4                break;
 148   4              
 149   4              case 0xdb:
 150   4                key=9;
 151   4                break;
 152   4              
 153   4              case 0xbb:
 154   4                key=10;
 155   4                break;
 156   4              
 157   4              case 0x7b:
 158   4                key=11;
 159   4                break;
 160   4            }
 161   3            while(temp!=0xf0)//检测按键是否松开，没松开则一直检测
 162   3            {
 163   4              temp=P3;
 164   4              temp=temp&0xf0;
 165   4            }
 166   3            display(key);//等按键松开后，再显示数字
 167   3          }
 168   2        }
 169   1        
 170   1        /*检测第四行*/
 171   1        P3=0xf7;//第四行为低电平
 172   1        temp=P3;
 173   1        temp=temp&0xf0;//转换为列电平
 174   1        if(temp!=0xf0)//第一次检测按键是否按下
 175   1        {
 176   2          delay_ms(10);//延时消抖
C51 COMPILER V9.54   ____________                                                          01/12/2020 11:02:09 PAGE 4   

 177   2          temp=P3;
 178   2          temp=temp&0xf0;
 179   2          if(temp!=0xf0)//第二次检测
 180   2          {
 181   3            temp=P3;
 182   3            switch(temp)
 183   3            {
 184   4              case 0xe7:
 185   4                key=12;
 186   4                break;
 187   4              
 188   4              case 0xd7:
 189   4                key=13;
 190   4                break;
 191   4              
 192   4              case 0xb7:
 193   4                key=14;
 194   4                break;
 195   4              
 196   4              case 0x77:
 197   4                key=15;
 198   4                break;
 199   4            }
 200   3            while(temp!=0xf0)//检测按键是否松开，没松开则一直检测
 201   3            {
 202   4              temp=P3;
 203   4              temp=temp&0xf0;
 204   4            }
 205   3            display(key);//等按键松开后，再显示数字
 206   3          }
 207   2        }
 208   1      }
 209          
 210          /*主函数*/
 211          int main()
 212          {
 213   1        P0=0;//先关闭数码管的所有段选
 214   1        dula=1;
 215   1        dula=0;
 216   1        
 217   1        P0=0xc0;//位选中所有数码管
 218   1        wela=1;
 219   1        wela=0;
 220   1        while(1)
 221   1        {
 222   2          MatrixKeyScan();
 223   2        }
 224   1        return 0;
 225   1      }
*** WARNING C294 IN LINE 224 OF 矩阵键盘检测.c: unreachable code


MODULE INFORMATION:   STATIC OVERLAYABLE
   CODE SIZE        =    418    ----
   CONSTANT SIZE    =     16    ----
   XDATA SIZE       =   ----    ----
   PDATA SIZE       =   ----    ----
   DATA SIZE        =   ----       2
   IDATA SIZE       =   ----    ----
   BIT SIZE         =   ----    ----
END OF MODULE INFORMATION.


C51 COMPILATION COMPLETE.  1 WARNING(S),  0 ERROR(S)
